// Jest Snapshot v1, https://goo.gl/fbAQLP

exports[`Тесты страницы «404» снепшот страницы 1`] = `
<body>
  <div>
    <div
      class="container"
    >
      <h1
        class="typography__component_lu6tt typography__styrene-xlarge_ez5iu typography__medium_lu6tt"
      >
        Страница не найдена
      </h1>
      <img
        alt="Not Found"
        src="notFound.png"
      />
    </div>
  </div>
</body>
`;
